Archive member included because of file (symbol)

C:\marmalade\7.5\s3e\edk\lib\android/libedk.a(IwDebug.o)
                              debug\s3eYahooGamesAdTrack_platform.os (IwDebugTraceIsChannelOn)
C:\marmalade\7.5\s3e\edk\lib\android/libedk.a(edk_helpers.o)
                              debug\s3eYahooGamesAdTrack_platform.os (s3eEdkThreadRunOnOS)
c:/software/android-ndk-r10d/toolchains/arm-linux-androideabi-4.8/prebuilt/windows/bin/../lib/gcc/arm-linux-androideabi/4.8/libgcc.a(_aeabi_ldivmod.o)
                              C:\marmalade\7.5\s3e\edk\lib\android/libedk.a(IwDebug.o) (__aeabi_ldivmod)
c:/software/android-ndk-r10d/toolchains/arm-linux-androideabi-4.8/prebuilt/windows/bin/../lib/gcc/arm-linux-androideabi/4.8/libgcc.a(_dvmd_lnx.o)
                              c:/software/android-ndk-r10d/toolchains/arm-linux-androideabi-4.8/prebuilt/windows/bin/../lib/gcc/arm-linux-androideabi/4.8/libgcc.a(_aeabi_ldivmod.o) (__aeabi_ldiv0)
c:/software/android-ndk-r10d/toolchains/arm-linux-androideabi-4.8/prebuilt/windows/bin/../lib/gcc/arm-linux-androideabi/4.8/libgcc.a(bpabi.o)
                              c:/software/android-ndk-r10d/toolchains/arm-linux-androideabi-4.8/prebuilt/windows/bin/../lib/gcc/arm-linux-androideabi/4.8/libgcc.a(_aeabi_ldivmod.o) (__gnu_ldivmod_helper)
c:/software/android-ndk-r10d/toolchains/arm-linux-androideabi-4.8/prebuilt/windows/bin/../lib/gcc/arm-linux-androideabi/4.8/libgcc.a(unwind-arm.o)
                              c:/software/android-ndk-r10d/toolchains/arm-linux-androideabi-4.8/prebuilt/windows/bin/../lib/gcc/arm-linux-androideabi/4.8/libgcc.a(bpabi.o) (__aeabi_unwind_cpp_pr0)
c:/software/android-ndk-r10d/toolchains/arm-linux-androideabi-4.8/prebuilt/windows/bin/../lib/gcc/arm-linux-androideabi/4.8/libgcc.a(libunwind.o)
                              c:/software/android-ndk-r10d/toolchains/arm-linux-androideabi-4.8/prebuilt/windows/bin/../lib/gcc/arm-linux-androideabi/4.8/libgcc.a(unwind-arm.o) (restore_core_regs)
c:/software/android-ndk-r10d/toolchains/arm-linux-androideabi-4.8/prebuilt/windows/bin/../lib/gcc/arm-linux-androideabi/4.8/libgcc.a(pr-support.o)
                              c:/software/android-ndk-r10d/toolchains/arm-linux-androideabi-4.8/prebuilt/windows/bin/../lib/gcc/arm-linux-androideabi/4.8/libgcc.a(unwind-arm.o) (__gnu_unwind_execute)
c:/software/android-ndk-r10d/toolchains/arm-linux-androideabi-4.8/prebuilt/windows/bin/../lib/gcc/arm-linux-androideabi/4.8/libgcc.a(_divdi3.o)
                              c:/software/android-ndk-r10d/toolchains/arm-linux-androideabi-4.8/prebuilt/windows/bin/../lib/gcc/arm-linux-androideabi/4.8/libgcc.a(bpabi.o) (__divdi3)
c:/software/android-ndk-r10d/toolchains/arm-linux-androideabi-4.8/prebuilt/windows/bin/../lib/gcc/arm-linux-androideabi/4.8/libgcc.a(_udivdi3.o)
                              c:/software/android-ndk-r10d/toolchains/arm-linux-androideabi-4.8/prebuilt/windows/bin/../lib/gcc/arm-linux-androideabi/4.8/libgcc.a(bpabi.o) (__udivdi3)
c:/software/android-ndk-r10d/toolchains/arm-linux-androideabi-4.8/prebuilt/windows/bin/../lib/gcc/arm-linux-androideabi/4.8/libgcc.a(_udivsi3.o)
                              c:/software/android-ndk-r10d/toolchains/arm-linux-androideabi-4.8/prebuilt/windows/bin/../lib/gcc/arm-linux-androideabi/4.8/libgcc.a(_divdi3.o) (__aeabi_uidiv)

Discarded input sections

 .text          0x00000000       0x34 C:/software/android-ndk-r10d/platforms/android-14/arch-arm/usr/lib/crtbegin_so.o
 .bss           0x00000000        0x0 C:/software/android-ndk-r10d/platforms/android-14/arch-arm/usr/lib/crtbegin_so.o
 .note.GNU-stack
                0x00000000        0x0 C:/software/android-ndk-r10d/platforms/android-14/arch-arm/usr/lib/crtbegin_so.o
 .group         0x00000000        0x8 debug\s3eYahooGamesAdTrack_platform.os
 .group         0x00000000        0x8 debug\s3eYahooGamesAdTrack_platform.os
 .group         0x00000000        0x8 debug\s3eYahooGamesAdTrack_platform.os
 .group         0x00000000        0x8 debug\s3eYahooGamesAdTrack_platform.os
 .group         0x00000000        0x8 debug\s3eYahooGamesAdTrack_platform.os
 .group         0x00000000        0x8 debug\s3eYahooGamesAdTrack_platform.os
 .group         0x00000000        0x8 debug\s3eYahooGamesAdTrack_platform.os
 .group         0x00000000        0x8 debug\s3eYahooGamesAdTrack_platform.os
 .group         0x00000000        0x8 debug\s3eYahooGamesAdTrack_platform.os
 .group         0x00000000        0x8 debug\s3eYahooGamesAdTrack_platform.os
 .group         0x00000000        0x8 debug\s3eYahooGamesAdTrack_platform.os
 .group         0x00000000        0x8 debug\s3eYahooGamesAdTrack_platform.os
 .group         0x00000000        0x8 debug\s3eYahooGamesAdTrack_platform.os
 .text          0x00000000        0x0 debug\s3eYahooGamesAdTrack_platform.os
 .data          0x00000000        0x0 debug\s3eYahooGamesAdTrack_platform.os
 .note.GNU-stack
                0x00000000        0x0 debug\s3eYahooGamesAdTrack_platform.os
 .text          0x00000000        0x0 debug\s3eYahooGamesAdTrack.os
 .data          0x00000000        0x0 debug\s3eYahooGamesAdTrack.os
 .bss           0x00000000        0x0 debug\s3eYahooGamesAdTrack.os
 .note.GNU-stack
                0x00000000        0x0 debug\s3eYahooGamesAdTrack.os
 .text          0x00000000        0x0 debug\s3eYahooGamesAdTrack_register.os
 .data          0x00000000        0x0 debug\s3eYahooGamesAdTrack_register.os
 .bss           0x00000000        0x0 debug\s3eYahooGamesAdTrack_register.os
 .note.GNU-stack
                0x00000000        0x0 debug\s3eYahooGamesAdTrack_register.os
 .text          0x00000000        0x0 C:\marmalade\7.5\s3e\edk\lib\android/libedk.a(IwDebug.o)
 .data          0x00000000        0x0 C:\marmalade\7.5\s3e\edk\lib\android/libedk.a(IwDebug.o)
 .text.IwDebugClearConfigCache
                0x00000000       0x80 C:\marmalade\7.5\s3e\edk\lib\android/libedk.a(IwDebug.o)
 .text.IwDebugAssertIsChannelOn
                0x00000000      0x1ec C:\marmalade\7.5\s3e\edk\lib\android/libedk.a(IwDebug.o)
 .text.IwDebugAssertShow
                0x00000000      0x2e8 C:\marmalade\7.5\s3e\edk\lib\android/libedk.a(IwDebug.o)
 .text.IwDebugAssertSetSolution
                0x00000000       0xb4 C:\marmalade\7.5\s3e\edk\lib\android/libedk.a(IwDebug.o)
 .text.IwDebugAssertSetMessage
                0x00000000       0xfc C:\marmalade\7.5\s3e\edk\lib\android/libedk.a(IwDebug.o)
 .text.IwAssertRegisterTextCallback
                0x00000000       0x1c C:\marmalade\7.5\s3e\edk\lib\android/libedk.a(IwDebug.o)
 .text.IwAssertRegisterCallback
                0x00000000       0x1c C:\marmalade\7.5\s3e\edk\lib\android/libedk.a(IwDebug.o)
 .text.IwDebugTraceDisable
                0x00000000       0x10 C:\marmalade\7.5\s3e\edk\lib\android/libedk.a(IwDebug.o)
 .text.IwDebugTraceChannelSwitch
                0x00000000      0x1e4 C:\marmalade\7.5\s3e\edk\lib\android/libedk.a(IwDebug.o)
 .text.IwDebugErrorRegisterCallback
                0x00000000       0x1c C:\marmalade\7.5\s3e\edk\lib\android/libedk.a(IwDebug.o)
 .text.IwDebugErrorShow
                0x00000000      0x108 C:\marmalade\7.5\s3e\edk\lib\android/libedk.a(IwDebug.o)
 .text.IwDebugAssertSetUID
                0x00000000       0x14 C:\marmalade\7.5\s3e\edk\lib\android/libedk.a(IwDebug.o)
 .note.GNU-stack
                0x00000000        0x0 C:\marmalade\7.5\s3e\edk\lib\android/libedk.a(IwDebug.o)
 .text          0x00000000        0x0 C:\marmalade\7.5\s3e\edk\lib\android/libedk.a(edk_helpers.o)
 .data          0x00000000        0x0 C:\marmalade\7.5\s3e\edk\lib\android/libedk.a(edk_helpers.o)
 .bss           0x00000000        0x0 C:\marmalade\7.5\s3e\edk\lib\android/libedk.a(edk_helpers.o)
 .text.s3eEdkErrorSetString
                0x00000000       0x30 C:\marmalade\7.5\s3e\edk\lib\android/libedk.a(edk_helpers.o)
 .text.s3eEdkThreadRunOnOSAsync
                0x00000000       0x30 C:\marmalade\7.5\s3e\edk\lib\android/libedk.a(edk_helpers.o)
 .note.GNU-stack
                0x00000000        0x0 C:\marmalade\7.5\s3e\edk\lib\android/libedk.a(edk_helpers.o)
 .data          0x00000000        0x0 c:/software/android-ndk-r10d/toolchains/arm-linux-androideabi-4.8/prebuilt/windows/bin/../lib/gcc/arm-linux-androideabi/4.8/libgcc.a(_aeabi_ldivmod.o)
 .bss           0x00000000        0x0 c:/software/android-ndk-r10d/toolchains/arm-linux-androideabi-4.8/prebuilt/windows/bin/../lib/gcc/arm-linux-androideabi/4.8/libgcc.a(_aeabi_ldivmod.o)
 .note.GNU-stack
                0x00000000        0x0 c:/software/android-ndk-r10d/toolchains/arm-linux-androideabi-4.8/prebuilt/windows/bin/../lib/gcc/arm-linux-androideabi/4.8/libgcc.a(_aeabi_ldivmod.o)
 .data          0x00000000        0x0 c:/software/android-ndk-r10d/toolchains/arm-linux-androideabi-4.8/prebuilt/windows/bin/../lib/gcc/arm-linux-androideabi/4.8/libgcc.a(_dvmd_lnx.o)
 .bss           0x00000000        0x0 c:/software/android-ndk-r10d/toolchains/arm-linux-androideabi-4.8/prebuilt/windows/bin/../lib/gcc/arm-linux-androideabi/4.8/libgcc.a(_dvmd_lnx.o)
 .note.GNU-stack
                0x00000000        0x0 c:/software/android-ndk-r10d/toolchains/arm-linux-androideabi-4.8/prebuilt/windows/bin/../lib/gcc/arm-linux-androideabi/4.8/libgcc.a(_dvmd_lnx.o)
 .data          0x00000000        0x0 c:/software/android-ndk-r10d/toolchains/arm-linux-androideabi-4.8/prebuilt/windows/bin/../lib/gcc/arm-linux-androideabi/4.8/libgcc.a(bpabi.o)
 .bss           0x00000000        0x0 c:/software/android-ndk-r10d/toolchains/arm-linux-androideabi-4.8/prebuilt/windows/bin/../lib/gcc/arm-linux-androideabi/4.8/libgcc.a(bpabi.o)
 .ARM.extab     0x00000000        0x0 c:/software/android-ndk-r10d/toolchains/arm-linux-androideabi-4.8/prebuilt/windows/bin/../lib/gcc/arm-linux-androideabi/4.8/libgcc.a(bpabi.o)
 .note.GNU-stack
                0x00000000        0x0 c:/software/android-ndk-r10d/toolchains/arm-linux-androideabi-4.8/prebuilt/windows/bin/../lib/gcc/arm-linux-androideabi/4.8/libgcc.a(bpabi.o)
 .data          0x00000000        0x0 c:/software/android-ndk-r10d/toolchains/arm-linux-androideabi-4.8/prebuilt/windows/bin/../lib/gcc/arm-linux-androideabi/4.8/libgcc.a(unwind-arm.o)
 .bss           0x00000000        0x0 c:/software/android-ndk-r10d/toolchains/arm-linux-androideabi-4.8/prebuilt/windows/bin/../lib/gcc/arm-linux-androideabi/4.8/libgcc.a(unwind-arm.o)
 .note.GNU-stack
                0x00000000        0x0 c:/software/android-ndk-r10d/toolchains/arm-linux-androideabi-4.8/prebuilt/windows/bin/../lib/gcc/arm-linux-androideabi/4.8/libgcc.a(unwind-arm.o)
 .data          0x00000000        0x0 c:/software/android-ndk-r10d/toolchains/arm-linux-androideabi-4.8/prebuilt/windows/bin/../lib/gcc/arm-linux-androideabi/4.8/libgcc.a(libunwind.o)
 .bss           0x00000000        0x0 c:/software/android-ndk-r10d/toolchains/arm-linux-androideabi-4.8/prebuilt/windows/bin/../lib/gcc/arm-linux-androideabi/4.8/libgcc.a(libunwind.o)
 .note.GNU-stack
                0x00000000        0x0 c:/software/android-ndk-r10d/toolchains/arm-linux-androideabi-4.8/prebuilt/windows/bin/../lib/gcc/arm-linux-androideabi/4.8/libgcc.a(libunwind.o)
 .data          0x00000000        0x0 c:/software/android-ndk-r10d/toolchains/arm-linux-androideabi-4.8/prebuilt/windows/bin/../lib/gcc/arm-linux-androideabi/4.8/libgcc.a(pr-support.o)
 .bss           0x00000000        0x0 c:/software/android-ndk-r10d/toolchains/arm-linux-androideabi-4.8/prebuilt/windows/bin/../lib/gcc/arm-linux-androideabi/4.8/libgcc.a(pr-support.o)
 .note.GNU-stack
                0x00000000        0x0 c:/software/android-ndk-r10d/toolchains/arm-linux-androideabi-4.8/prebuilt/windows/bin/../lib/gcc/arm-linux-androideabi/4.8/libgcc.a(pr-support.o)
 .data          0x00000000        0x0 c:/software/android-ndk-r10d/toolchains/arm-linux-androideabi-4.8/prebuilt/windows/bin/../lib/gcc/arm-linux-androideabi/4.8/libgcc.a(_divdi3.o)
 .bss           0x00000000        0x0 c:/software/android-ndk-r10d/toolchains/arm-linux-androideabi-4.8/prebuilt/windows/bin/../lib/gcc/arm-linux-androideabi/4.8/libgcc.a(_divdi3.o)
 .ARM.extab     0x00000000        0x0 c:/software/android-ndk-r10d/toolchains/arm-linux-androideabi-4.8/prebuilt/windows/bin/../lib/gcc/arm-linux-androideabi/4.8/libgcc.a(_divdi3.o)
 .note.GNU-stack
                0x00000000        0x0 c:/software/android-ndk-r10d/toolchains/arm-linux-androideabi-4.8/prebuilt/windows/bin/../lib/gcc/arm-linux-androideabi/4.8/libgcc.a(_divdi3.o)
 .data          0x00000000        0x0 c:/software/android-ndk-r10d/toolchains/arm-linux-androideabi-4.8/prebuilt/windows/bin/../lib/gcc/arm-linux-androideabi/4.8/libgcc.a(_udivdi3.o)
 .bss           0x00000000        0x0 c:/software/android-ndk-r10d/toolchains/arm-linux-androideabi-4.8/prebuilt/windows/bin/../lib/gcc/arm-linux-androideabi/4.8/libgcc.a(_udivdi3.o)
 .ARM.extab     0x00000000        0x0 c:/software/android-ndk-r10d/toolchains/arm-linux-androideabi-4.8/prebuilt/windows/bin/../lib/gcc/arm-linux-androideabi/4.8/libgcc.a(_udivdi3.o)
 .note.GNU-stack
                0x00000000        0x0 c:/software/android-ndk-r10d/toolchains/arm-linux-androideabi-4.8/prebuilt/windows/bin/../lib/gcc/arm-linux-androideabi/4.8/libgcc.a(_udivdi3.o)
 .data          0x00000000        0x0 c:/software/android-ndk-r10d/toolchains/arm-linux-androideabi-4.8/prebuilt/windows/bin/../lib/gcc/arm-linux-androideabi/4.8/libgcc.a(_udivsi3.o)
 .bss           0x00000000        0x0 c:/software/android-ndk-r10d/toolchains/arm-linux-androideabi-4.8/prebuilt/windows/bin/../lib/gcc/arm-linux-androideabi/4.8/libgcc.a(_udivsi3.o)
 .note.GNU-stack
                0x00000000        0x0 c:/software/android-ndk-r10d/toolchains/arm-linux-androideabi-4.8/prebuilt/windows/bin/../lib/gcc/arm-linux-androideabi/4.8/libgcc.a(_udivsi3.o)
 .text          0x00000000        0x0 C:/software/android-ndk-r10d/platforms/android-14/arch-arm/usr/lib/crtend_so.o
 .data          0x00000000        0x0 C:/software/android-ndk-r10d/platforms/android-14/arch-arm/usr/lib/crtend_so.o
 .bss           0x00000000        0x0 C:/software/android-ndk-r10d/platforms/android-14/arch-arm/usr/lib/crtend_so.o
 .note.GNU-stack
                0x00000000        0x0 C:/software/android-ndk-r10d/platforms/android-14/arch-arm/usr/lib/crtend_so.o

Memory map

 ** file header
                0x00000000       0x34
 ** segment headers
                0x00000034      0x100

.interp         0x00000134       0x13
 ** fill        0x00000134       0x13

.dynsym         0x00000148      0x580
 ** dynsym      0x00000148      0x580

.dynstr         0x000006c8      0x678
 ** string table
                0x000006c8      0x678

.hash           0x00000d40      0x274
 ** hash        0x00000d40      0x274

.rel.dyn        0x00000fb4       0x78
 ** dynamic relocs
                0x00000fb4       0x78

.rel.plt        0x0000102c       0xa0
 ** dynamic relocs
                0x0000102c       0xa0

.plt            0x000010cc      0x104
 ** PLT         0x000010cc      0x104

.text           0x000011d0     0x2e68
 .text.exit     0x000011d0       0x10 C:/software/android-ndk-r10d/platforms/android-14/arch-arm/usr/lib/crtbegin_so.o
                0x000011d0                __on_dlclose
 .text.startup._GLOBAL__sub_I_IwDebug.cpp
                0x000011e0       0x88 C:\marmalade\7.5\s3e\edk\lib\android/libedk.a(IwDebug.o)
 .text._ZN7_JNIEnv9FindClassEPKc
                0x00001268       0x38 debug\s3eYahooGamesAdTrack_platform.os
                0x00001268                _JNIEnv::FindClass(char const*)
 .text._ZN7_JNIEnv17ExceptionOccurredEv
                0x000012a0       0x30 debug\s3eYahooGamesAdTrack_platform.os
                0x000012a0                _JNIEnv::ExceptionOccurred()
 .text._ZN7_JNIEnv17ExceptionDescribeEv
                0x000012d0       0x28 debug\s3eYahooGamesAdTrack_platform.os
                0x000012d0                _JNIEnv::ExceptionDescribe()
 .text._ZN7_JNIEnv14ExceptionClearEv
                0x000012f8       0x28 debug\s3eYahooGamesAdTrack_platform.os
                0x000012f8                _JNIEnv::ExceptionClear()
 .text._ZN7_JNIEnv12NewGlobalRefEP8_jobject
                0x00001320       0x38 debug\s3eYahooGamesAdTrack_platform.os
                0x00001320                _JNIEnv::NewGlobalRef(_jobject*)
 .text._ZN7_JNIEnv15DeleteGlobalRefEP8_jobject
                0x00001358       0x30 debug\s3eYahooGamesAdTrack_platform.os
                0x00001358                _JNIEnv::DeleteGlobalRef(_jobject*)
 .text._ZN7_JNIEnv14DeleteLocalRefEP8_jobject
                0x00001388       0x30 debug\s3eYahooGamesAdTrack_platform.os
                0x00001388                _JNIEnv::DeleteLocalRef(_jobject*)
 .text._ZN7_JNIEnv9NewObjectEP7_jclassP10_jmethodIDz
                0x000013b8       0x58 debug\s3eYahooGamesAdTrack_platform.os
                0x000013b8                _JNIEnv::NewObject(_jclass*, _jmethodID*, ...)
 .text._ZN7_JNIEnv11GetMethodIDEP7_jclassPKcS3_
                0x00001410       0x48 debug\s3eYahooGamesAdTrack_platform.os
                0x00001410                _JNIEnv::GetMethodID(_jclass*, char const*, char const*)
 .text._ZN7_JNIEnv13CallIntMethodEP8_jobjectP10_jmethodIDz
                0x00001458       0x58 debug\s3eYahooGamesAdTrack_platform.os
                0x00001458                _JNIEnv::CallIntMethod(_jobject*, _jmethodID*, ...)
 .text._ZN7_JNIEnv14CallVoidMethodEP8_jobjectP10_jmethodIDz
                0x000014b0       0x4c debug\s3eYahooGamesAdTrack_platform.os
                0x000014b0                _JNIEnv::CallVoidMethod(_jobject*, _jmethodID*, ...)
 .text._ZN7_JNIEnv12NewStringUTFEPKc
                0x000014fc       0x38 debug\s3eYahooGamesAdTrack_platform.os
                0x000014fc                _JNIEnv::NewStringUTF(char const*)
 .text._ZN7_JavaVM6GetEnvEPPvi
                0x00001534       0x40 debug\s3eYahooGamesAdTrack_platform.os
                0x00001534                _JavaVM::GetEnv(void**, int)
 .text._ZL15s3eEdkJNIGetEnvv
                0x00001574       0x40 debug\s3eYahooGamesAdTrack_platform.os
 .text._ZL27s3eEdkAndroidFindClass_realPKc
                0x000015b4       0x8c debug\s3eYahooGamesAdTrack_platform.os
 .text._ZL22s3eEdkAndroidFindClassPKc
                0x00001640       0x38 debug\s3eYahooGamesAdTrack_platform.os
 .text._Z33s3eYahooGamesAdTrackInit_platformv
                0x00001678      0x350 debug\s3eYahooGamesAdTrack_platform.os
                0x00001678                s3eYahooGamesAdTrackInit_platform()
 .text._Z38s3eYahooGamesAdTrackTerminate_platformv
                0x000019c8       0x48 debug\s3eYahooGamesAdTrack_platform.os
                0x000019c8                s3eYahooGamesAdTrackTerminate_platform()
 .text._Z24ygnAdTrackStart_platformPKcS0_
                0x00001a10       0x7c debug\s3eYahooGamesAdTrack_platform.os
                0x00001a10                ygnAdTrackStart_platform(char const*, char const*)
 .text._Z23ygnAdTrackStop_platformv
                0x00001a8c       0x48 debug\s3eYahooGamesAdTrack_platform.os
                0x00001a8c                ygnAdTrackStop_platform()
 .text._Z39ygnAdTrackTrackExternalPayment_platformPKci
                0x00001ad4       0x6c debug\s3eYahooGamesAdTrack_platform.os
                0x00001ad4                ygnAdTrackTrackExternalPayment_platform(char const*, int)
 .text._Z42ygnAdTrackTrackGetInstalledSource_platformv
                0x00001b40       0x50 debug\s3eYahooGamesAdTrack_platform.os
                0x00001b40                ygnAdTrackTrackGetInstalledSource_platform()
 .text._Z24s3eYahooGamesAdTrackInitv
                0x00001b90       0x14 debug\s3eYahooGamesAdTrack.os
                0x00001b90                s3eYahooGamesAdTrackInit()
 .text._Z29s3eYahooGamesAdTrackTerminatev
                0x00001ba4        0xc debug\s3eYahooGamesAdTrack.os
                0x00001ba4                s3eYahooGamesAdTrackTerminate()
 .text.ygnAdTrackStart
                0x00001bb0       0x24 debug\s3eYahooGamesAdTrack.os
                0x00001bb0                ygnAdTrackStart
 .text.ygnAdTrackStop
                0x00001bd4        0xc debug\s3eYahooGamesAdTrack.os
                0x00001bd4                ygnAdTrackStop
 .text.ygnAdTrackTrackExternalPayment
                0x00001be0       0x24 debug\s3eYahooGamesAdTrack.os
                0x00001be0                ygnAdTrackTrackExternalPayment
 .text.ygnAdTrackTrackGetInstalledSource
                0x00001c04       0x14 debug\s3eYahooGamesAdTrack.os
                0x00001c04                ygnAdTrackTrackGetInstalledSource
 .text._Z31s3eYahooGamesAdTrackRegisterExtv
                0x00001c18       0xd8 debug\s3eYahooGamesAdTrack_register.os
                0x00001c18                s3eYahooGamesAdTrackRegisterExt()
 .text.RegisterExt
                0x00001cf0        0xc debug\s3eYahooGamesAdTrack_register.os
                0x00001cf0                RegisterExt
 .text.IwDebugTraceIsChannelOn
                0x00001cfc      0x27c C:\marmalade\7.5\s3e\edk\lib\android/libedk.a(IwDebug.o)
                0x00001cfc                IwDebugTraceIsChannelOn
 .text.IwDebugTraceSetTraceChannel
                0x00001f78       0x1c C:\marmalade\7.5\s3e\edk\lib\android/libedk.a(IwDebug.o)
                0x00001f78                IwDebugTraceSetTraceChannel
 .text.IwDebugTraceLineVPrintf
                0x00001f94       0xfc C:\marmalade\7.5\s3e\edk\lib\android/libedk.a(IwDebug.o)
                0x00001f94                IwDebugTraceLineVPrintf
 .text.IwDebugTraceLinePrintf
                0x00002090       0x30 C:\marmalade\7.5\s3e\edk\lib\android/libedk.a(IwDebug.o)
                0x00002090                IwDebugTraceLinePrintf
 .text.s3eEdkThreadRunOnOS
                0x000020c0       0x30 C:\marmalade\7.5\s3e\edk\lib\android/libedk.a(edk_helpers.o)
                0x000020c0                s3eEdkThreadRunOnOS
 .text          0x000020f0       0x44 c:/software/android-ndk-r10d/toolchains/arm-linux-androideabi-4.8/prebuilt/windows/bin/../lib/gcc/arm-linux-androideabi/4.8/libgcc.a(_aeabi_ldivmod.o)
                0x000020f0                __aeabi_ldivmod
 .text          0x00002134       0x10 c:/software/android-ndk-r10d/toolchains/arm-linux-androideabi-4.8/prebuilt/windows/bin/../lib/gcc/arm-linux-androideabi/4.8/libgcc.a(_dvmd_lnx.o)
                0x00002134                __aeabi_idiv0
                0x00002134                __aeabi_ldiv0
 .text          0x00002144       0x78 c:/software/android-ndk-r10d/toolchains/arm-linux-androideabi-4.8/prebuilt/windows/bin/../lib/gcc/arm-linux-androideabi/4.8/libgcc.a(bpabi.o)
                0x00002144                __gnu_ldivmod_helper
                0x00002180                __gnu_uldivmod_helper
 .text          0x000021bc      0xeec c:/software/android-ndk-r10d/toolchains/arm-linux-androideabi-4.8/prebuilt/windows/bin/../lib/gcc/arm-linux-androideabi/4.8/libgcc.a(unwind-arm.o)
                0x00002d38                __aeabi_unwind_cpp_pr0
                0x00002d40                __aeabi_unwind_cpp_pr1
                0x00002d48                __aeabi_unwind_cpp_pr2
                0x000025f4                _Unwind_GetCFA
                0x000025fc                __gnu_Unwind_RaiseException
                0x000026a0                __gnu_Unwind_ForcedUnwind
                0x000026bc                __gnu_Unwind_Resume
                0x00002730                __gnu_Unwind_Resume_or_Rethrow
                0x00002750                _Unwind_Complete
                0x00002754                _Unwind_DeleteException
                0x00002774                _Unwind_VRS_Get
                0x000027f8                _Unwind_VRS_Set
                0x00002880                __gnu_Unwind_Backtrace
                0x00002d50                _Unwind_VRS_Pop
 .text          0x000030a8      0x1a8 c:/software/android-ndk-r10d/toolchains/arm-linux-androideabi-4.8/prebuilt/windows/bin/../lib/gcc/arm-linux-androideabi/4.8/libgcc.a(libunwind.o)
                0x000030a8                __restore_core_regs
                0x000030a8                restore_core_regs
                0x000030bc                __gnu_Unwind_Restore_VFP
                0x000030c4                __gnu_Unwind_Save_VFP
                0x000030cc                __gnu_Unwind_Restore_VFP_D
                0x000030d4                __gnu_Unwind_Save_VFP_D
                0x000030dc                __gnu_Unwind_Restore_VFP_D_16_to_31
                0x000030e4                __gnu_Unwind_Save_VFP_D_16_to_31
                0x000030ec                __gnu_Unwind_Restore_WMMXD
                0x00003130                __gnu_Unwind_Save_WMMXD
                0x00003174                __gnu_Unwind_Restore_WMMXC
                0x00003188                __gnu_Unwind_Save_WMMXC
                0x0000319c                ___Unwind_RaiseException
                0x0000319c                _Unwind_RaiseException
                0x000031c0                ___Unwind_Resume
                0x000031c0                _Unwind_Resume
                0x000031e4                ___Unwind_Resume_or_Rethrow
                0x000031e4                _Unwind_Resume_or_Rethrow
                0x00003208                ___Unwind_ForcedUnwind
                0x00003208                _Unwind_ForcedUnwind
                0x0000322c                ___Unwind_Backtrace
                0x0000322c                _Unwind_Backtrace
 .text          0x00003250      0x484 c:/software/android-ndk-r10d/toolchains/arm-linux-androideabi-4.8/prebuilt/windows/bin/../lib/gcc/arm-linux-androideabi/4.8/libgcc.a(pr-support.o)
                0x000032dc                __gnu_unwind_execute
                0x00003658                __gnu_unwind_frame
                0x00003698                _Unwind_GetRegionStart
                0x000036a8                _Unwind_GetLanguageSpecificData
                0x000036c4                _Unwind_GetDataRelBase
                0x000036cc                _Unwind_GetTextRelBase
 .text          0x000036d4      0x498 c:/software/android-ndk-r10d/toolchains/arm-linux-androideabi-4.8/prebuilt/windows/bin/../lib/gcc/arm-linux-androideabi/4.8/libgcc.a(_divdi3.o)
                0x000036d4                __divdi3
 .text          0x00003b6c      0x404 c:/software/android-ndk-r10d/toolchains/arm-linux-androideabi-4.8/prebuilt/windows/bin/../lib/gcc/arm-linux-androideabi/4.8/libgcc.a(_udivdi3.o)
                0x00003b6c                __udivdi3
 .text          0xffffffffffffffff       0xc8 c:/software/android-ndk-r10d/toolchains/arm-linux-androideabi-4.8/prebuilt/windows/bin/../lib/gcc/arm-linux-androideabi/4.8/libgcc.a(_udivsi3.o)
                0x00003f70                __udivsi3
                0x00003f70                __aeabi_uidiv
                0x00004018                __aeabi_uidivmod

.rodata         0x00004038      0x25e
 .rodata        0x00004038      0x12c debug\s3eYahooGamesAdTrack_platform.os
 .rodata        0x00004164       0x18 debug\s3eYahooGamesAdTrack_register.os
 ** merge strings
                0x0000417c      0x11a

.ARM.extab      0x00004298       0x48
 .ARM.extab     0x00004298        0xc c:/software/android-ndk-r10d/toolchains/arm-linux-androideabi-4.8/prebuilt/windows/bin/../lib/gcc/arm-linux-androideabi/4.8/libgcc.a(_dvmd_lnx.o)
 .ARM.extab     0x000042a4        0xc c:/software/android-ndk-r10d/toolchains/arm-linux-androideabi-4.8/prebuilt/windows/bin/../lib/gcc/arm-linux-androideabi/4.8/libgcc.a(unwind-arm.o)
 .ARM.extab     0x000042b0       0x30 c:/software/android-ndk-r10d/toolchains/arm-linux-androideabi-4.8/prebuilt/windows/bin/../lib/gcc/arm-linux-androideabi/4.8/libgcc.a(pr-support.o)

.ARM.exidx      0x000042e0      0x128
 .ARM.exidx     0x000042e0        0x8 c:/software/android-ndk-r10d/toolchains/arm-linux-androideabi-4.8/prebuilt/windows/bin/../lib/gcc/arm-linux-androideabi/4.8/libgcc.a(_dvmd_lnx.o)
 .ARM.exidx     0xffffffffffffffff       0x10 c:/software/android-ndk-r10d/toolchains/arm-linux-androideabi-4.8/prebuilt/windows/bin/../lib/gcc/arm-linux-androideabi/4.8/libgcc.a(bpabi.o)
 .ARM.exidx     0xffffffffffffffff       0xd8 c:/software/android-ndk-r10d/toolchains/arm-linux-androideabi-4.8/prebuilt/windows/bin/../lib/gcc/arm-linux-androideabi/4.8/libgcc.a(unwind-arm.o)
 ** ARM cantunwind
                0x000043a0        0x8
 .ARM.exidx     0x000043a8       0x48 c:/software/android-ndk-r10d/toolchains/arm-linux-androideabi-4.8/prebuilt/windows/bin/../lib/gcc/arm-linux-androideabi/4.8/libgcc.a(pr-support.o)
 .ARM.exidx     0x000043f0        0x8 c:/software/android-ndk-r10d/toolchains/arm-linux-androideabi-4.8/prebuilt/windows/bin/../lib/gcc/arm-linux-androideabi/4.8/libgcc.a(_divdi3.o)
 .ARM.exidx     0x000043f8        0x8 c:/software/android-ndk-r10d/toolchains/arm-linux-androideabi-4.8/prebuilt/windows/bin/../lib/gcc/arm-linux-androideabi/4.8/libgcc.a(_udivdi3.o)
 ** ARM cantunwind
                0x00004400        0x8

.fini_array     0x00005e80        0x8
 .fini_array    0x00005e80        0x4 C:/software/android-ndk-r10d/platforms/android-14/arch-arm/usr/lib/crtbegin_so.o
 .fini_array    0x00005e84        0x4 C:/software/android-ndk-r10d/platforms/android-14/arch-arm/usr/lib/crtend_so.o

.init_array     0x00005e88        0x8
 .init_array    0x00005e88        0x4 C:\marmalade\7.5\s3e\edk\lib\android/libedk.a(IwDebug.o)
 .init_array    0x00005e8c        0x4 C:/software/android-ndk-r10d/platforms/android-14/arch-arm/usr/lib/crtend_so.o

.dynamic        0x00005e90       0xe0
 ** dynamic     0x00005e90       0xe0

.got            0x00005f70       0x90
 ** GOT         0x00005f70       0x34
 ** GOT PLT     0x00005fa4       0x5c

.data           0x00006000        0x4
 .data          0x00006000        0x4 C:/software/android-ndk-r10d/platforms/android-14/arch-arm/usr/lib/crtbegin_so.o
                0x00006000                __dso_handle

.bss            0x00006004     0x1a3c
 .bss           0x00006004       0x14 debug\s3eYahooGamesAdTrack_platform.os
 .bss           0x00006018     0x1a28 C:\marmalade\7.5\s3e\edk\lib\android/libedk.a(IwDebug.o)
                0x00006018                g_DebugGlobals
